#-----------------------------------------------------------
# Vivado v2020.2 (64-bit)
# SW Build 3064766 on Wed Nov 18 09:12:45 MST 2020
# IP Build 3064653 on Wed Nov 18 14:17:31 MST 2020
# Start of session at: Tue Mar  9 15:58:46 2021
# Process ID: 13656
# Current directory: C:/test VIVADO/project_RL
# Command line: vivado.exe -gui_launcher_event rodinguilauncherevent16272 C:\test VIVADO\project_RL\project_RL.xpr
# Log file: C:/test VIVADO/project_RL/vivado.log
# Journal file: C:/test VIVADO/project_RL\vivado.jou
#-----------------------------------------------------------
start_gui
open_project {C:/test VIVADO/project_RL/project_RL.xpr}
update_compile_order -fileset sources_1
launch_simulation
source project_tb.tcl
add_bp {C:/test VIVADO/project_RL/project_RL.srcs/sources_1/new/project_reti_logiche.vhd} 88
add_bp {C:/test VIVADO/project_RL/project_RL.srcs/sources_1/new/project_reti_logiche.vhd} 64
relaunch_sim
remove_bps -file {C:/test VIVADO/project_RL/project_RL.srcs/sources_1/new/project_reti_logiche.vhd} -line 88
add_bp {C:/test VIVADO/project_RL/project_RL.srcs/sources_1/new/project_reti_logiche.vhd} 64
relaunch_sim
